// Jest Snapshot v1, https://goo.gl/fbAQLP

exports[`GameCardComponent Should match snapshot 1`] = `
<app-game-card
  index="0"
  person={[Function Object]}
  winner="false"
>
  <mat-card
    class="mat-mdc-card mdc-card game-card"
  >
    <mat-card-content
      class="mat-mdc-card-content d-flex flex-column justify-content-center align-items-center w-100 h-100"
    >
      <h3>
        Anakin Skywalker
      </h3>
      <app-icon>
        <svg
          height="200"
          width="200"
        >
          <use
            xlink:href="assets/icons/icons.svg#person1"
          />
        </svg>
      </app-icon>
      <div
        class="mt-4"
      >
        <p>
          Gender male
        </p>
        <p>
          Mass: 100
        </p>
        <p>
          Height: 100
        </p>
        <p>
          Birth year: 2002
        </p>
        <p>
          Eye color: blue
        </p>
        <p>
          Skin color: white
        </p>
        <p>
          Hair color: gray
        </p>
      </div>
    </mat-card-content>
  </mat-card>
</app-game-card>
`;
